RISKY
SAFE
SAFE
SAFE
SAFE
SAFE
SAFE
RISKY
SAFE
SAFE
