aaaaaaa!Addd!aii!Ad!AAAAAAd!iii!aaddd!aiii!AAA!aaaaddd!AAAAiii!aaaadd!
