aaa!AA!aad!add!AAAiii!aaadd!aa!AAAAAA!aaaai!AAi!a!A!ad!AAAi!aaddd!Aiii!aaadd!
