aaaadd!d!AAAAiii!aaaad!aad!A!AAAAAii!aaaad!d!aad!i!AAAAd!AAiii!aaaaaadd!AAAAA!aaaaii!AAAA!aaad!!AAAAi!aaaaaadd!AAAAAAd!aiii!aaaaadd!AAAAd!ai!a!aa!AAAAAA!aad!ai!i!AAi!aaadd!
