root root_0 root_1 root_2 root_3 root_4 root_5 root_6 root_7 root_8 root_9
