root root_0 root_0_0 root_0_0_0 root_0_0_0_0 root_0_0_0_0_0 root_0_0_0_0_0_0 root_0_0_0_0_0_0_0 root_0_0_0_0_0_0_1 root_0_0_0_0_0_1 root_0_0_0_0_0_1_0 root_0_0_0_0_0_1_1 root_0_0_0_0_1 root_0_0_0_0_1_0 root_0_0_0_0_1_0_0 root_0_0_0_0_1_0_1 root_0_0_0_0_1_1 root_0_0_0_0_1_1_0 root_0_0_0_0_1_1_1 root_0_0_0_1 root_0_0_0_1_0 root_0_0_0_1_0_0 root_0_0_0_1_0_0_0 root_0_0_0_1_0_0_1 root_0_0_0_1_0_1 root_0_0_0_1_0_1_0 root_0_0_0_1_0_1_1 root_0_0_0_1_1 root_0_0_0_1_1_0 root_0_0_0_1_1_0_0 root_0_0_0_1_1_0_1 root_0_0_0_1_1_1 root_0_0_0_1_1_1_0 root_0_0_0_1_1_1_1 root_0_0_1 root_0_0_1_0 root_0_0_1_0_0 root_0_0_1_0_0_0 root_0_0_1_0_0_0_0 root_0_0_1_0_0_0_1 root_0_0_1_0_0_1 root_0_0_1_0_0_1_0 root_0_0_1_0_0_1_1 root_0_0_1_0_1 root_0_0_1_0_1_0 root_0_0_1_0_1_0_0 root_0_0_1_0_1_0_1 root_0_0_1_0_1_1 root_0_0_1_0_1_1_0 root_0_0_1_0_1_1_1 root_0_0_1_1 root_0_0_1_1_0 root_0_0_1_1_0_0 root_0_0_1_1_0_0_0 root_0_0_1_1_0_0_1 root_0_0_1_1_0_1 root_0_0_1_1_0_1_0 root_0_0_1_1_0_1_1 root_0_0_1_1_1 root_0_0_1_1_1_0 root_0_0_1_1_1_0_0 root_0_0_1_1_1_0_1 root_0_0_1_1_1_1 root_0_0_1_1_1_1_0 root_0_0_1_1_1_1_1 root_0_1 root_0_1_0 root_0_1_0_0 root_0_1_0_0_0 root_0_1_0_0_0_0 root_0_1_0_0_0_0_0 root_0_1_0_0_0_0_1 root_0_1_0_0_0_1 root_0_1_0_0_0_1_0 root_0_1_0_0_0_1_1 root_0_1_0_0_1 root_0_1_0_0_1_0 root_0_1_0_0_1_0_0 root_0_1_0_0_1_0_1 root_0_1_0_0_1_1 root_0_1_0_0_1_1_0 root_0_1_0_0_1_1_1 root_0_1_0_1 root_0_1_0_1_0 root_0_1_0_1_0_0 root_0_1_0_1_0_0_0 root_0_1_0_1_0_0_1 root_0_1_0_1_0_1 root_0_1_0_1_0_1_0 root_0_1_0_1_0_1_1 root_0_1_0_1_1 root_0_1_0_1_1_0 root_0_1_0_1_1_0_0 root_0_1_0_1_1_0_1 root_0_1_0_1_1_1 root_0_1_0_1_1_1_0 root_0_1_0_1_1_1_1 root_0_1_1 root_0_1_1_0 root_0_1_1_0_0 root_0_1_1_0_0_0 root_0_1_1_0_0_0_0 root_0_1_1_0_0_0_1 root_0_1_1_0_0_1 root_0_1_1_0_0_1_0 root_0_1_1_0_0_1_1 root_0_1_1_0_1 root_0_1_1_0_1_0 root_0_1_1_0_1_0_0 root_0_1_1_0_1_0_1 root_0_1_1_0_1_1 root_0_1_1_0_1_1_0 root_0_1_1_0_1_1_1 root_0_1_1_1 root_0_1_1_1_0 root_0_1_1_1_0_0 root_0_1_1_1_0_0_0 root_0_1_1_1_0_0_1 root_0_1_1_1_0_1 root_0_1_1_1_0_1_0 root_0_1_1_1_0_1_1 root_0_1_1_1_1 root_0_1_1_1_1_0 root_0_1_1_1_1_0_0 root_0_1_1_1_1_0_1 root_0_1_1_1_1_1 root_0_1_1_1_1_1_0 root_0_1_1_1_1_1_1 root_1 root_1_0 root_1_0_0 root_1_0_0_0 root_1_0_0_0_0 root_1_0_0_0_0_0 root_1_0_0_0_0_0_0 root_1_0_0_0_0_0_1 root_1_0_0_0_0_1 root_1_0_0_0_0_1_0 root_1_0_0_0_0_1_1 root_1_0_0_0_1 root_1_0_0_0_1_0 root_1_0_0_0_1_0_0 root_1_0_0_0_1_0_1 root_1_0_0_0_1_1 root_1_0_0_0_1_1_0 root_1_0_0_0_1_1_1 root_1_0_0_1 root_1_0_0_1_0 root_1_0_0_1_0_0 root_1_0_0_1_0_0_0 root_1_0_0_1_0_0_1 root_1_0_0_1_0_1 root_1_0_0_1_0_1_0 root_1_0_0_1_0_1_1 root_1_0_0_1_1 root_1_0_0_1_1_0 root_1_0_0_1_1_0_0 root_1_0_0_1_1_0_1 root_1_0_0_1_1_1 root_1_0_0_1_1_1_0 root_1_0_0_1_1_1_1 root_1_0_1 root_1_0_1_0 root_1_0_1_0_0 root_1_0_1_0_0_0 root_1_0_1_0_0_0_0 root_1_0_1_0_0_0_1 root_1_0_1_0_0_1 root_1_0_1_0_0_1_0 root_1_0_1_0_0_1_1 root_1_0_1_0_1 root_1_0_1_0_1_0 root_1_0_1_0_1_0_0 root_1_0_1_0_1_0_1 root_1_0_1_0_1_1 root_1_0_1_0_1_1_0 root_1_0_1_0_1_1_1 root_1_0_1_1 root_1_0_1_1_0 root_1_0_1_1_0_0 root_1_0_1_1_0_0_0 root_1_0_1_1_0_0_1 root_1_0_1_1_0_1 root_1_0_1_1_0_1_0 root_1_0_1_1_0_1_1 root_1_0_1_1_1 root_1_0_1_1_1_0 root_1_0_1_1_1_0_0 root_1_0_1_1_1_0_1 root_1_0_1_1_1_1 root_1_0_1_1_1_1_0 root_1_0_1_1_1_1_1 root_1_1 root_1_1_0 root_1_1_0_0 root_1_1_0_0_0 root_1_1_0_0_0_0 root_1_1_0_0_0_0_0 root_1_1_0_0_0_0_1 root_1_1_0_0_0_1 root_1_1_0_0_0_1_0 root_1_1_0_0_0_1_1 root_1_1_0_0_1 root_1_1_0_0_1_0 root_1_1_0_0_1_0_0 root_1_1_0_0_1_0_1 root_1_1_0_0_1_1 root_1_1_0_0_1_1_0 root_1_1_0_0_1_1_1 root_1_1_0_1 root_1_1_0_1_0 root_1_1_0_1_0_0 root_1_1_0_1_0_0_0 root_1_1_0_1_0_0_1 root_1_1_0_1_0_1 root_1_1_0_1_0_1_0 root_1_1_0_1_0_1_1 root_1_1_0_1_1 root_1_1_0_1_1_0 root_1_1_0_1_1_0_0 root_1_1_0_1_1_0_1 root_1_1_0_1_1_1 root_1_1_0_1_1_1_0 root_1_1_0_1_1_1_1 root_1_1_1 root_1_1_1_0 root_1_1_1_0_0 root_1_1_1_0_0_0 root_1_1_1_0_0_0_0 root_1_1_1_0_0_0_1 root_1_1_1_0_0_1 root_1_1_1_0_0_1_0 root_1_1_1_0_0_1_1 root_1_1_1_0_1 root_1_1_1_0_1_0 root_1_1_1_0_1_0_0 root_1_1_1_0_1_0_1 root_1_1_1_0_1_1 root_1_1_1_0_1_1_0 root_1_1_1_0_1_1_1 root_1_1_1_1 root_1_1_1_1_0 root_1_1_1_1_0_0 root_1_1_1_1_0_0_0 root_1_1_1_1_0_0_1 root_1_1_1_1_0_1 root_1_1_1_1_0_1_0 root_1_1_1_1_0_1_1 root_1_1_1_1_1 root_1_1_1_1_1_0 root_1_1_1_1_1_0_0 root_1_1_1_1_1_0_1 root_1_1_1_1_1_1 root_1_1_1_1_1_1_0 root_1_1_1_1_1_1_1
