ajedreces-pa-todos centro-comercial la-gran-michoacana la-mera-mera-michoacana
